c:\users\admin\onedrive\바탕 화면\sf7\프로젝트4_얼렁뚱땅\tetrismfc_0.1 - 복사본\tetrismfc\tetrismfc\x64\debug\tetrismfc.pch
c:\users\admin\onedrive\바탕 화면\sf7\프로젝트4_얼렁뚱땅\tetrismfc_0.1 - 복사본\tetrismfc\tetrismfc\x64\debug\vc143.pdb
c:\users\admin\onedrive\바탕 화면\sf7\프로젝트4_얼렁뚱땅\tetrismfc_0.1 - 복사본\tetrismfc\tetrismfc\x64\debug\vc143.idb
c:\users\admin\onedrive\바탕 화면\sf7\프로젝트4_얼렁뚱땅\tetrismfc_0.1 - 복사본\tetrismfc\tetrismfc\x64\debug\pch.obj
c:\users\admin\onedrive\바탕 화면\sf7\프로젝트4_얼렁뚱땅\tetrismfc_0.1 - 복사본\tetrismfc\tetrismfc\x64\debug\viewtree.obj
c:\users\admin\onedrive\바탕 화면\sf7\프로젝트4_얼렁뚱땅\tetrismfc_0.1 - 복사본\tetrismfc\tetrismfc\x64\debug\tetrismfcview.obj
c:\users\admin\onedrive\바탕 화면\sf7\프로젝트4_얼렁뚱땅\tetrismfc_0.1 - 복사본\tetrismfc\tetrismfc\x64\debug\tetrismfcdoc.obj
c:\users\admin\onedrive\바탕 화면\sf7\프로젝트4_얼렁뚱땅\tetrismfc_0.1 - 복사본\tetrismfc\tetrismfc\x64\debug\tetrismfc.obj
c:\users\admin\onedrive\바탕 화면\sf7\프로젝트4_얼렁뚱땅\tetrismfc_0.1 - 복사본\tetrismfc\tetrismfc\x64\debug\propertieswnd.obj
c:\users\admin\onedrive\바탕 화면\sf7\프로젝트4_얼렁뚱땅\tetrismfc_0.1 - 복사본\tetrismfc\tetrismfc\x64\debug\outputwnd.obj
c:\users\admin\onedrive\바탕 화면\sf7\프로젝트4_얼렁뚱땅\tetrismfc_0.1 - 복사본\tetrismfc\tetrismfc\x64\debug\mainfrm.obj
c:\users\admin\onedrive\바탕 화면\sf7\프로젝트4_얼렁뚱땅\tetrismfc_0.1 - 복사본\tetrismfc\tetrismfc\x64\debug\fileview.obj
c:\users\admin\onedrive\바탕 화면\sf7\프로젝트4_얼렁뚱땅\tetrismfc_0.1 - 복사본\tetrismfc\tetrismfc\x64\debug\classview.obj
c:\users\admin\onedrive\바탕 화면\sf7\프로젝트4_얼렁뚱땅\tetrismfc_0.1\tetrismfc\x64\debug\tetrismfc.exe
c:\users\admin\onedrive\바탕 화면\sf7\프로젝트4_얼렁뚱땅\tetrismfc_0.1\tetrismfc\x64\debug\tetrismfc.pdb
c:\users\admin\onedrive\바탕 화면\sf7\프로젝트4_얼렁뚱땅\tetrismfc_0.1 - 복사본\tetrismfc\x64\debug\tetrismfc.exe
c:\users\admin\onedrive\바탕 화면\sf7\프로젝트4_얼렁뚱땅\tetrismfc_0.1 - 복사본\tetrismfc\x64\debug\tetrismfc.pdb
c:\users\admin\onedrive\바탕 화면\sf7\프로젝트4_얼렁뚱땅\tetrismfc_0.1\tetrismfc\tetrismfc\x64\debug\tetrismfc.res
c:\users\admin\onedrive\바탕 화면\sf7\프로젝트4_얼렁뚱땅\tetrismfc_0.1 - 복사본\tetrismfc\tetrismfc\x64\debug\tetrismfc.res
c:\users\admin\onedrive\바탕 화면\sf7\프로젝트4_얼렁뚱땅\tetrismfc_0.1 - 복사본\tetrismfc\tetrismfc\x64\debug\tetrismfc.ilk
c:\users\admin\onedrive\바탕 화면\sf7\프로젝트4_얼렁뚱땅\tetrismfc_0.1 - 복사본\tetrismfc\tetrismfc\x64\debug\tetrismfc.tlog\cl.command.1.tlog
c:\users\admin\onedrive\바탕 화면\sf7\프로젝트4_얼렁뚱땅\tetrismfc_0.1 - 복사본\tetrismfc\tetrismfc\x64\debug\tetrismfc.tlog\cl.items.tlog
c:\users\admin\onedrive\바탕 화면\sf7\프로젝트4_얼렁뚱땅\tetrismfc_0.1 - 복사본\tetrismfc\tetrismfc\x64\debug\tetrismfc.tlog\cl.read.1.tlog
c:\users\admin\onedrive\바탕 화면\sf7\프로젝트4_얼렁뚱땅\tetrismfc_0.1 - 복사본\tetrismfc\tetrismfc\x64\debug\tetrismfc.tlog\cl.write.1.tlog
c:\users\admin\onedrive\바탕 화면\sf7\프로젝트4_얼렁뚱땅\tetrismfc_0.1 - 복사본\tetrismfc\tetrismfc\x64\debug\tetrismfc.tlog\link.command.1.tlog
c:\users\admin\onedrive\바탕 화면\sf7\프로젝트4_얼렁뚱땅\tetrismfc_0.1 - 복사본\tetrismfc\tetrismfc\x64\debug\tetrismfc.tlog\link.read.1.tlog
c:\users\admin\onedrive\바탕 화면\sf7\프로젝트4_얼렁뚱땅\tetrismfc_0.1 - 복사본\tetrismfc\tetrismfc\x64\debug\tetrismfc.tlog\link.secondary.1.tlog
c:\users\admin\onedrive\바탕 화면\sf7\프로젝트4_얼렁뚱땅\tetrismfc_0.1 - 복사본\tetrismfc\tetrismfc\x64\debug\tetrismfc.tlog\link.write.1.tlog
c:\users\admin\onedrive\바탕 화면\sf7\프로젝트4_얼렁뚱땅\tetrismfc_0.1 - 복사본\tetrismfc\tetrismfc\x64\debug\tetrismfc.tlog\rc.command.1.tlog
c:\users\admin\onedrive\바탕 화면\sf7\프로젝트4_얼렁뚱땅\tetrismfc_0.1 - 복사본\tetrismfc\tetrismfc\x64\debug\tetrismfc.tlog\rc.read.1.tlog
c:\users\admin\onedrive\바탕 화면\sf7\프로젝트4_얼렁뚱땅\tetrismfc_0.1 - 복사본\tetrismfc\tetrismfc\x64\debug\tetrismfc.tlog\rc.write.1.tlog
