c:\users\admin\onedrive\바탕 화면\sf7\프로젝트4_얼렁뚱땅\tetrismfc\tetrismfc\x64\debug\tetrismfc.pch
c:\users\admin\onedrive\바탕 화면\sf7\프로젝트4_얼렁뚱땅\tetrismfc\tetrismfc\x64\debug\vc143.pdb
c:\users\admin\onedrive\바탕 화면\sf7\프로젝트4_얼렁뚱땅\tetrismfc\tetrismfc\x64\debug\vc143.idb
c:\users\admin\onedrive\바탕 화면\sf7\프로젝트4_얼렁뚱땅\tetrismfc\tetrismfc\x64\debug\pch.obj
c:\users\admin\onedrive\바탕 화면\sf7\프로젝트4_얼렁뚱땅\tetrismfc\tetrismfc\x64\debug\viewtree.obj
c:\users\admin\onedrive\바탕 화면\sf7\프로젝트4_얼렁뚱땅\tetrismfc\tetrismfc\x64\debug\tetrismfcview.obj
c:\users\admin\onedrive\바탕 화면\sf7\프로젝트4_얼렁뚱땅\tetrismfc\tetrismfc\x64\debug\tetrismfcdoc.obj
c:\users\admin\onedrive\바탕 화면\sf7\프로젝트4_얼렁뚱땅\tetrismfc\tetrismfc\x64\debug\tetrismfc.obj
c:\users\admin\onedrive\바탕 화면\sf7\프로젝트4_얼렁뚱땅\tetrismfc\tetrismfc\x64\debug\propertieswnd.obj
c:\users\admin\onedrive\바탕 화면\sf7\프로젝트4_얼렁뚱땅\tetrismfc\tetrismfc\x64\debug\outputwnd.obj
c:\users\admin\onedrive\바탕 화면\sf7\프로젝트4_얼렁뚱땅\tetrismfc\tetrismfc\x64\debug\mainfrm.obj
c:\users\admin\onedrive\바탕 화면\sf7\프로젝트4_얼렁뚱땅\tetrismfc\tetrismfc\x64\debug\fileview.obj
c:\users\admin\onedrive\바탕 화면\sf7\프로젝트4_얼렁뚱땅\tetrismfc\tetrismfc\x64\debug\classview.obj
c:\users\admin\onedrive\바탕 화면\sf7\프로젝트4_얼렁뚱땅\tetrismfc\tetrismfc\x64\debug\tetromino.obj
c:\users\admin\onedrive\바탕 화면\sf7\프로젝트4_얼렁뚱땅\tetrismfc\x64\debug\tetrismfc.exe
c:\users\admin\onedrive\바탕 화면\sf7\프로젝트4_얼렁뚱땅\tetrismfc\x64\debug\tetrismfc.pdb
c:\users\admin\onedrive\바탕 화면\sf7\프로젝트4_얼렁뚱땅\tetrismfc\tetrismfc\x64\debug\tetrismfc.res
c:\users\admin\onedrive\바탕 화면\sf7\프로젝트4_얼렁뚱땅\tetrismfc\tetrismfc\x64\debug\tetrismfc.ilk
c:\users\admin\onedrive\바탕 화면\sf7\프로젝트4_얼렁뚱땅\tetrismfc\tetrismfc\x64\debug\tetrismfc.tlog\cl.command.1.tlog
c:\users\admin\onedrive\바탕 화면\sf7\프로젝트4_얼렁뚱땅\tetrismfc\tetrismfc\x64\debug\tetrismfc.tlog\cl.items.tlog
c:\users\admin\onedrive\바탕 화면\sf7\프로젝트4_얼렁뚱땅\tetrismfc\tetrismfc\x64\debug\tetrismfc.tlog\cl.read.1.tlog
c:\users\admin\onedrive\바탕 화면\sf7\프로젝트4_얼렁뚱땅\tetrismfc\tetrismfc\x64\debug\tetrismfc.tlog\cl.write.1.tlog
c:\users\admin\onedrive\바탕 화면\sf7\프로젝트4_얼렁뚱땅\tetrismfc\tetrismfc\x64\debug\tetrismfc.tlog\link-cvtres.read.1.tlog
c:\users\admin\onedrive\바탕 화면\sf7\프로젝트4_얼렁뚱땅\tetrismfc\tetrismfc\x64\debug\tetrismfc.tlog\link-cvtres.write.1.tlog
c:\users\admin\onedrive\바탕 화면\sf7\프로젝트4_얼렁뚱땅\tetrismfc\tetrismfc\x64\debug\tetrismfc.tlog\link-mt.read.1.tlog
c:\users\admin\onedrive\바탕 화면\sf7\프로젝트4_얼렁뚱땅\tetrismfc\tetrismfc\x64\debug\tetrismfc.tlog\link-mt.write.1.tlog
c:\users\admin\onedrive\바탕 화면\sf7\프로젝트4_얼렁뚱땅\tetrismfc\tetrismfc\x64\debug\tetrismfc.tlog\link-rc.read.1.tlog
c:\users\admin\onedrive\바탕 화면\sf7\프로젝트4_얼렁뚱땅\tetrismfc\tetrismfc\x64\debug\tetrismfc.tlog\link-rc.write.1.tlog
c:\users\admin\onedrive\바탕 화면\sf7\프로젝트4_얼렁뚱땅\tetrismfc\tetrismfc\x64\debug\tetrismfc.tlog\link.25004-cvtres.read.1.tlog
c:\users\admin\onedrive\바탕 화면\sf7\프로젝트4_얼렁뚱땅\tetrismfc\tetrismfc\x64\debug\tetrismfc.tlog\link.25004-cvtres.write.1.tlog
c:\users\admin\onedrive\바탕 화면\sf7\프로젝트4_얼렁뚱땅\tetrismfc\tetrismfc\x64\debug\tetrismfc.tlog\link.25004-mt.read.1.tlog
c:\users\admin\onedrive\바탕 화면\sf7\프로젝트4_얼렁뚱땅\tetrismfc\tetrismfc\x64\debug\tetrismfc.tlog\link.25004-mt.write.1.tlog
c:\users\admin\onedrive\바탕 화면\sf7\프로젝트4_얼렁뚱땅\tetrismfc\tetrismfc\x64\debug\tetrismfc.tlog\link.25004-rc.read.1.tlog
c:\users\admin\onedrive\바탕 화면\sf7\프로젝트4_얼렁뚱땅\tetrismfc\tetrismfc\x64\debug\tetrismfc.tlog\link.25004-rc.write.1.tlog
c:\users\admin\onedrive\바탕 화면\sf7\프로젝트4_얼렁뚱땅\tetrismfc\tetrismfc\x64\debug\tetrismfc.tlog\link.25004.read.1.tlog
c:\users\admin\onedrive\바탕 화면\sf7\프로젝트4_얼렁뚱땅\tetrismfc\tetrismfc\x64\debug\tetrismfc.tlog\link.25004.read.2.tlog
c:\users\admin\onedrive\바탕 화면\sf7\프로젝트4_얼렁뚱땅\tetrismfc\tetrismfc\x64\debug\tetrismfc.tlog\link.25004.write.1.tlog
c:\users\admin\onedrive\바탕 화면\sf7\프로젝트4_얼렁뚱땅\tetrismfc\tetrismfc\x64\debug\tetrismfc.tlog\link.command.1.tlog
c:\users\admin\onedrive\바탕 화면\sf7\프로젝트4_얼렁뚱땅\tetrismfc\tetrismfc\x64\debug\tetrismfc.tlog\link.read.1.tlog
c:\users\admin\onedrive\바탕 화면\sf7\프로젝트4_얼렁뚱땅\tetrismfc\tetrismfc\x64\debug\tetrismfc.tlog\link.read.2.tlog
c:\users\admin\onedrive\바탕 화면\sf7\프로젝트4_얼렁뚱땅\tetrismfc\tetrismfc\x64\debug\tetrismfc.tlog\link.secondary.1.tlog
c:\users\admin\onedrive\바탕 화면\sf7\프로젝트4_얼렁뚱땅\tetrismfc\tetrismfc\x64\debug\tetrismfc.tlog\link.write.1.tlog
c:\users\admin\onedrive\바탕 화면\sf7\프로젝트4_얼렁뚱땅\tetrismfc\tetrismfc\x64\debug\tetrismfc.tlog\rc.command.1.tlog
c:\users\admin\onedrive\바탕 화면\sf7\프로젝트4_얼렁뚱땅\tetrismfc\tetrismfc\x64\debug\tetrismfc.tlog\rc.read.1.tlog
c:\users\admin\onedrive\바탕 화면\sf7\프로젝트4_얼렁뚱땅\tetrismfc\tetrismfc\x64\debug\tetrismfc.tlog\rc.write.1.tlog
